// Jest Snapshot v1, https://goo.gl/fbAQLP

exports[`if matches snapshot 1`] = `
<DocumentFragment>
  <div
    class="ToDo"
  >
    <div
      class="ToDo-main"
    >
      <div
        class="ToDo-task"
      />
      <button
        class="ToDo-complete-btn"
      >
        Complete
      </button>
      <button
        class="ToDo-delete-btn"
      >
        X
      </button>
      <button
        class="ToDo-edit-btn"
      >
        Edit
      </button>
    </div>
    <div
      class="ToDo-editform"
      style="display: none;"
    >
      <form
        class="EditToDoForm"
      >
        <label
          class="EditToDoForm-label"
          for="task"
        >
          Edit task
        </label>
        <input
          id="task"
          name="task"
          type="text"
          value=""
        />
        <fieldset
          class="EditToDoForm-priority"
        >
          <legend>
            Priority
          </legend>
          <input
            id="choice3"
            name="priority"
            type="radio"
            value="low"
          />
          <label
            class="EditToDoForm-label"
            for="choice3"
          >
            Low
          </label>
          <input
            id="choice2"
            name="priority"
            type="radio"
            value="medium"
          />
          <label
            class="EditToDoForm-label"
            for="choice2"
          >
            Medium
          </label>
          <input
            id="choice1"
            name="priority"
            type="radio"
            value="high"
          />
          <label
            class="EditToDoForm-label"
            for="choice1"
          >
            High
          </label>
        </fieldset>
        <button
          class="EditToDoForm-btn"
        >
          Save
        </button>
      </form>
    </div>
  </div>
</DocumentFragment>
`;
